lhb10 <lhb10.pfb
lhbx10 <lhbx10.pfb
lhbx12 <lhbx12.pfb
lhbx5 <lhbx5.pfb
lhbx6 <lhbx6.pfb
lhbx7 <lhbx7.pfb
lhbx8 <lhbx8.pfb
lhbx9 <lhbx9.pfb
lhbxsl10 <lhbxsl10.pfb
lhbxti10 <lhbxti10.pfb
lhbxti12 <lhbxti12.pfb
lhbxti7 <lhbxti7.pfb
lhcsc10 <lhcsc10.pfb
lhcsc8 <lhcsc8.pfb
lhcsc9 <lhcsc9.pfb
lhdunh10 <lhdunh10.pfb
lhff10 <lhff10.pfb
lhfi10 <lhfi10.pfb
lhfib8 <lhfib8.pfb
lhitt10 <lhitt10.pfb
lhitt12 <lhitt12.pfb
lhitt9 <lhitt9.pfb
lhr10 <lhr10.pfb
lhr12 <lhr12.pfb
lhr17 <lhr17.pfb
lhr5 <lhr5.pfb
lhr6 <lhr6.pfb
lhr7 <lhr7.pfb
lhr8 <lhr8.pfb
lhr9 <lhr9.pfb
lhsl10 <lhsl10.pfb
lhsl12 <lhsl12.pfb
lhsl6 <lhsl6.pfb
lhsl8 <lhsl8.pfb
lhsl9 <lhsl9.pfb
lhsltt10 <lhsltt10.pfb
lhsltt9 <lhsltt9.pfb
lhss10 <lhss10.pfb
lhss12 <lhss12.pfb
lhss17 <lhss17.pfb
lhss8 <lhss8.pfb
lhss9 <lhss9.pfb
lhssbx10 <lhssbx10.pfb
lhssbxo10 <lhssbxo10.pfb
lhssdc10 <lhssdc10.pfb
lhssi10 <lhssi10.pfb
lhssi12 <lhssi12.pfb
lhssi17 <lhssi17.pfb
lhssi8 <lhssi8.pfb
lhssi9 <lhssi9.pfb
lhssq8 <lhssq8.pfb
lhssqi8 <lhssqi8.pfb
lhtcsc10 <lhtcsc10.pfb
lhtex10 <lhtex10.pfb
lhtex8 <lhtex8.pfb
lhtex9 <lhtex9.pfb
lhti10 <lhti10.pfb
lhti12 <lhti12.pfb
lhti7 <lhti7.pfb
lhti8 <lhti8.pfb
lhti9 <lhti9.pfb
lhtt10 <lhtt10.pfb
lhtt12 <lhtt12.pfb
lhtt8 <lhtt8.pfb
lhtt9 <lhtt9.pfb
lhu10 <lhu10.pfb
lhvtt10 <lhvtt10.pfb
