ombxsl10 cmbxsl10 <cmbxsl10.pfb
ombxti10 cmbxti10 <cmbxti10.pfb
ombx10 cmbx10 <cmbx10.pfb
ombx12 cmbx12 <cmbx12.pfb
ombx5 cmbx5 <cmbx5.pfb
ombx6 cmbx6 <cmbx6.pfb
ombx7 cmbx7 <cmbx7.pfb
ombx8 cmbx8 <cmbx8.pfb
ombx9 cmbx9 <cmbx9.pfb
omb10 cmb10 <cmb10.pfb
omr10 cmr10 <cmr10.pfb
omr12 cmr12 <cmr12.pfb
omr17 cmr17 <cmr17.pfb
omr6 cmr6 <cmr6.pfb
omr7 cmr7 <cmr7.pfb
omr8 cmr8 <cmr8.pfb
omr9 cmr9 <cmr9.pfb
omsl10 cmsl10 <cmsl10.pfb
omsl12 cmsl12 <cmsl12.pfb
omsl8 cmsl8 <cmsl8.pfb
omsl9 cmsl9 <cmsl9.pfb
omssbx10 cmssbx10 <cmssbx10.pfb
omssdc10 cmssdc10 <cmssdc10.pfb
omssi10 cmssi10 <cmssi10.pfb
omssi12 cmssi12 <cmssi12.pfb
omssi17 cmssi17 <cmssi17.pfb
omssi8 cmssi8 <cmssi8.pfb
omssi9 cmssi9 <cmssi9.pfb
omssqi8 cmssqi8 <cmssqi8.pfb
omssq8 cmssq8 <cmssq8.pfb
omss10 cmss10 <cmss10.pfb
omss12 cmss12 <cmss12.pfb
omss17 cmss17 <cmss17.pfb
omss8 cmss8 <cmss8.pfb
omss9 cmss9 <cmss9.pfb
omti10 cmti10 <cmti10.pfb
omti12 cmti12 <cmti12.pfb
omti7 cmti7 <cmti7.pfb
omti8 cmti8 <cmti8.pfb
omti9 cmti9 <cmti9.pfb
omu10 cmu10 <cmu10.pfb
omcsc10 cmcsc10 <cmcsc10.pfb
omr5 cmr5 <cmr5.pfb
omtex10 cmtex10 <cmtex10.pfb
omtex8 cmtex8 <cmtex8.pfb
omtex9 cmtex9 <cmtex9.pfb
omitt10 cmitt10 <cmitt10.pfb
omsltt10 cmsltt10 <cmsltt10.pfb
omtt10 cmtt10 <cmtt10.pfb
omtt12 cmtt12 <cmtt12.pfb
omtt8 cmtt8 <cmtt8.pfb
omtt9 cmtt9 <cmtt9.pfb
